{"id":"e524dd7c-4e22-4654-8ead-3b1bf27a463c","title":"Test","createdDate":"2024-10-01T14:59:16.3816738+00:00","isComplete":false,"completedDate":null}
