{"id":"bc29d483-d9ee-4367-b680-a0fc43d8fa4a","name":"Test","description":"Test Description"}
